Kết nối thất bại. Vui lòng kiểm tra log server.[2025-10-01 09:24:53] Start cancel_expired_deposits (expire=30m)
[2025-10-01 09:24:53] Canceled pending deposits: 0
[2025-10-01 09:24:53] Pending deposits remaining: 0
[2025-10-01 09:24:53] Done
[2025-10-01 09:39:53] Start cancel_expired_deposits (expire=30m)
[2025-10-01 09:39:53] Canceled pending deposits: 0
[2025-10-01 09:39:53] Pending deposits remaining: 0
[2025-10-01 09:39:53] Done
[2025-10-01 09:54:53] Start cancel_expired_deposits (expire=30m)
[2025-10-01 09:54:53] Canceled pending deposits: 0
[2025-10-01 09:54:53] Pending deposits remaining: 0
[2025-10-01 09:54:53] Done
[2025-10-01 10:11:24] Start cancel_expired_deposits (expire=30m)
[2025-10-01 10:11:24] Canceled pending deposits: 0
[2025-10-01 10:11:24] Pending deposits remaining: 0
[2025-10-01 10:11:24] Done
[2025-10-01 10:24:53] Start cancel_expired_deposits (expire=30m)
[2025-10-01 10:24:53] Canceled pending deposits: 0
[2025-10-01 10:24:53] Pending deposits remaining: 0
[2025-10-01 10:24:53] Done
[2025-10-01 10:39:53] Start cancel_expired_deposits (expire=30m)
[2025-10-01 10:39:53] Canceled pending deposits: 0
[2025-10-01 10:39:53] Pending deposits remaining: 0
[2025-10-01 10:39:53] Done
[2025-10-01 10:54:53] Start cancel_expired_deposits (expire=30m)
[2025-10-01 10:54:53] Canceled pending deposits: 0
[2025-10-01 10:54:53] Pending deposits remaining: 0
[2025-10-01 10:54:53] Done
[2025-10-01 11:09:53] Start cancel_expired_deposits (expire=30m)
[2025-10-01 11:09:53] Canceled pending deposits: 0
[2025-10-01 11:09:53] Pending deposits remaining: 0
[2025-10-01 11:09:53] Done
[2025-10-01 11:24:53] Start cancel_expired_deposits (expire=30m)
[2025-10-01 11:24:53] Canceled pending deposits: 0
[2025-10-01 11:24:53] Pending deposits remaining: 0
[2025-10-01 11:24:53] Done
[2025-10-01 11:39:53] Start cancel_expired_deposits (expire=30m)
[2025-10-01 11:39:53] Canceled pending deposits: 0
[2025-10-01 11:39:53] Pending deposits remaining: 0
[2025-10-01 11:39:53] Done
[2025-10-01 11:54:53] Start cancel_expired_deposits (expire=30m)
[2025-10-01 11:54:53] Canceled pending deposits: 0
[2025-10-01 11:54:53] Pending deposits remaining: 0
[2025-10-01 11:54:53] Done
[2025-10-01 12:09:53] Start cancel_expired_deposits (expire=30m)
[2025-10-01 12:09:53] Canceled pending deposits: 0
[2025-10-01 12:09:53] Pending deposits remaining: 0
[2025-10-01 12:09:53] Done
[2025-10-01 12:24:53] Start cancel_expired_deposits (expire=30m)
[2025-10-01 12:24:53] Canceled pending deposits: 0
[2025-10-01 12:24:53] Pending deposits remaining: 0
[2025-10-01 12:24:53] Done
[2025-10-01 12:39:53] Start cancel_expired_deposits (expire=30m)
[2025-10-01 12:39:53] Canceled pending deposits: 0
[2025-10-01 12:39:53] Pending deposits remaining: 0
[2025-10-01 12:39:53] Done
[2025-10-01 12:54:53] Start cancel_expired_deposits (expire=30m)
[2025-10-01 12:54:53] Canceled pending deposits: 0
[2025-10-01 12:54:53] Pending deposits remaining: 0
[2025-10-01 12:54:53] Done
[2025-10-01 13:09:53] Start cancel_expired_deposits (expire=30m)
[2025-10-01 13:09:53] Canceled pending deposits: 0
[2025-10-01 13:09:53] Pending deposits remaining: 0
[2025-10-01 13:09:53] Done
[2025-10-01 13:24:53] Start cancel_expired_deposits (expire=30m)
[2025-10-01 13:24:53] Canceled pending deposits: 0
[2025-10-01 13:24:53] Pending deposits remaining: 0
[2025-10-01 13:24:53] Done
[2025-10-01 13:39:53] Start cancel_expired_deposits (expire=30m)
[2025-10-01 13:39:53] Canceled pending deposits: 0
[2025-10-01 13:39:53] Pending deposits remaining: 0
[2025-10-01 13:39:53] Done
[2025-10-01 13:54:53] Start cancel_expired_deposits (expire=30m)
[2025-10-01 13:54:53] Canceled pending deposits: 0
[2025-10-01 13:54:53] Pending deposits remaining: 0
[2025-10-01 13:54:53] Done
[2025-10-01 14:09:53] Start cancel_expired_deposits (expire=30m)
[2025-10-01 14:09:53] Canceled pending deposits: 0
[2025-10-01 14:09:53] Pending deposits remaining: 0
[2025-10-01 14:09:53] Done
[2025-10-01 14:31:05] Start cancel_expired_deposits (expire=30m)
[2025-10-01 14:31:05] Canceled pending deposits: 0
[2025-10-01 14:31:05] Pending deposits remaining: 0
[2025-10-01 14:31:05] Done
[2025-10-01 14:39:53] Start cancel_expired_deposits (expire=30m)
[2025-10-01 14:39:53] Canceled pending deposits: 0
[2025-10-01 14:39:53] Pending deposits remaining: 0
[2025-10-01 14:39:53] Done
[2025-10-01 14:54:53] Start cancel_expired_deposits (expire=30m)
[2025-10-01 14:54:53] Canceled pending deposits: 0
[2025-10-01 14:54:53] Pending deposits remaining: 0
[2025-10-01 14:54:53] Done
[2025-10-01 15:09:53] Start cancel_expired_deposits (expire=30m)
[2025-10-01 15:09:53] Canceled pending deposits: 0
[2025-10-01 15:09:53] Pending deposits remaining: 0
[2025-10-01 15:09:53] Done
[2025-10-01 15:24:53] Start cancel_expired_deposits (expire=30m)
[2025-10-01 15:24:53] Canceled pending deposits: 0
[2025-10-01 15:24:53] Pending deposits remaining: 0
[2025-10-01 15:24:53] Done
[2025-10-01 15:39:53] Start cancel_expired_deposits (expire=30m)
[2025-10-01 15:39:53] Canceled pending deposits: 0
[2025-10-01 15:39:53] Pending deposits remaining: 0
[2025-10-01 15:39:53] Done
[2025-10-01 15:54:53] Start cancel_expired_deposits (expire=30m)
[2025-10-01 15:54:53] Canceled pending deposits: 0
[2025-10-01 15:54:53] Pending deposits remaining: 0
[2025-10-01 15:54:53] Done
[2025-10-01 16:09:53] Start cancel_expired_deposits (expire=30m)
[2025-10-01 16:09:53] Canceled pending deposits: 0
[2025-10-01 16:09:53] Pending deposits remaining: 0
[2025-10-01 16:09:53] Done
[2025-10-01 16:24:53] Start cancel_expired_deposits (expire=30m)
[2025-10-01 16:24:53] Canceled pending deposits: 0
[2025-10-01 16:24:53] Pending deposits remaining: 0
[2025-10-01 16:24:53] Done
[2025-10-01 16:39:53] Start cancel_expired_deposits (expire=30m)
[2025-10-01 16:39:53] Canceled pending deposits: 0
[2025-10-01 16:39:53] Pending deposits remaining: 0
[2025-10-01 16:39:53] Done
[2025-10-01 16:54:53] Start cancel_expired_deposits (expire=30m)
[2025-10-01 16:54:53] Canceled pending deposits: 0
[2025-10-01 16:54:53] Pending deposits remaining: 0
[2025-10-01 16:54:53] Done
[2025-10-01 17:09:53] Start cancel_expired_deposits (expire=30m)
[2025-10-01 17:09:53] Canceled pending deposits: 0
[2025-10-01 17:09:53] Pending deposits remaining: 0
[2025-10-01 17:09:53] Done
[2025-10-01 17:24:53] Start cancel_expired_deposits (expire=30m)
[2025-10-01 17:24:53] Canceled pending deposits: 0
[2025-10-01 17:24:53] Pending deposits remaining: 0
[2025-10-01 17:24:53] Done
